[
  {
    "version": "1",
    "hash": "",
    "state_change_hash": "",
    "event_root_hash": "",
    "state_checkpoint_hash": null,
    "gas_used": "0",
    "success": true,
    "vm_status": "Executed successfully",
    "accumulator_root_hash": "",
    "changes": [
      {
        "address": "0x1",
        "state_key_hash": "",
        "data": {
          "type": "0x1::block::BlockResource",
          "data": {
            "epoch_interval": "86400000000",
            "height": "1",
            "new_block_events": {
              "counter": "2",
              "guid": {
                "id": {
                  "addr": "0x1",
                  "creation_num": "3"
                }
              }
            },
            "update_epoch_interval_events": {
              "counter": "0",
              "guid": {
                "id": {
                  "addr": "0x1",
                  "creation_num": "4"
                }
              }
            }
          }
        },
        "type": "write_resource"
      },
      {
        "address": "0x1",
        "state_key_hash": "",
        "data": {
          "type": "0x1::block::CommitHistory",
          "data": {
            "max_capacity": 2000,
            "next_idx": 2,
            "table": {
              "inner": {
                "handle": "0xdc3189011da6e60643ef48030b4f8fc315beddc236c6c523db96778af7b47056"
              },
              "length": "2"
            }
          }
        },
        "type": "write_resource"
      },
      {
        "address": "0x1",
        "state_key_hash": "",
        "data": {
          "type": "0x1::stake::ValidatorPerformance",
          "data": {
            "validators": [
              {
                "failed_proposals": "0",
                "successful_proposals": "1"
              }
            ]
          }
        },
        "type": "write_resource"
      },
      {
        "address": "0x1",
        "state_key_hash": "",
        "data": {
          "type": "0x1::timestamp::CurrentTimeMicroseconds",
          "data": {
            "microseconds": "500000"
          }
        },
        "type": "write_resource"
      },
      {
        "address": "0x1",
        "state_key_hash": "",
        "data": {
          "type": "0x1::randomness::PerBlockRandomness",
          "data": {
            "epoch": "1",
            "round": "1",
            "seed": {
              "vec": []
            }
          }
        },
        "type": "write_resource"
      },
      {
        "address": "0x1",
        "state_key_hash": "",
        "data": {
          "type": "0x1::state_storage::StateStorageUsage",
          "data": "state storage omitted"
        },
        "type": "write_resource"
      },
      {
        "state_key_hash": "",
        "handle": "0xdc3189011da6e60643ef48030b4f8fc315beddc236c6c523db96778af7b47056",
        "key": "0x01000000",
        "value": "0xe52bfb76e51cca8b4e9016838657edfae09cb9a71eb219025c4c87a67c4aaa86010000000000000001000000000000000100000000000000010066b22b7465af92a9dc8d07d2878716d9dffbbb280830a7d8cf80334b5da812ef0020a1070000000000",
        "data": {
          "data": null
        },
        "type": "write_table_item"
      }
    ],
    "id": "0xe52bfb76e51cca8b4e9016838657edfae09cb9a71eb219025c4c87a67c4aaa86",
    "epoch": "1",
    "round": "1",
    "events": [
      {
        "guid": {
          "creation_number": "3",
          "account_address": "0x1"
        },
        "sequence_number": "1",
        "type": "0x1::block::NewBlockEvent",
        "data": {
          "epoch": "1",
          "failed_proposer_indices": [],
          "hash": "",
          "height": "1",
          "previous_block_votes_bitvec": "0x00",
          "proposer": "0x66b22b7465af92a9dc8d07d2878716d9dffbbb280830a7d8cf80334b5da812ef",
          "round": "1",
          "time_microseconds": "500000"
        }
      }
    ],
    "previous_block_votes_bitvec": [
      0
    ],
    "proposer": "0x66b22b7465af92a9dc8d07d2878716d9dffbbb280830a7d8cf80334b5da812ef",
    "failed_proposer_indices": [],
    "timestamp": "500000",
    "type": "block_metadata_transaction"
  },
  {
    "version": "2",
    "hash": "",
    "state_change_hash": "",
    "event_root_hash": "",
    "state_checkpoint_hash": null,
    "gas_used": "133",
    "success": true,
    "vm_status": "Executed successfully",
    "accumulator_root_hash": "",
    "changes": [
      {
        "address": "0x1",
        "state_key_hash": "",
        "data": {
          "type": "0x1::dkg::DKGState",
          "data": {
            "in_progress": {
              "vec": [
                {
                  "metadata": {
                    "dealer_epoch": "1",
                    "dealer_validator_set": [
                      {
                        "addr": "0x66b22b7465af92a9dc8d07d2878716d9dffbbb280830a7d8cf80334b5da812ef",
                        "pk_bytes": "0xaa7023a1ea88520c0b163c530367dfbfe9269621c96dc9dc9147aca9c278b1340c07b21600b2b5423a2fb88c679b0c5a",
                        "voting_power": "10"
                      }
                    ],
                    "randomness_config": {
                      "variant": {
                        "data": "0x00000000000000800000000000000000aaaaaaaaaaaaaaaa0000000000000000aaaaaaaaaaaaaaaa0000000000000000",
                        "type_name": "0x1::randomness_config::ConfigV2"
                      }
                    },
                    "target_validator_set": [
                      {
                        "addr": "0x66b22b7465af92a9dc8d07d2878716d9dffbbb280830a7d8cf80334b5da812ef",
                        "pk_bytes": "0xaa7023a1ea88520c0b163c530367dfbfe9269621c96dc9dc9147aca9c278b1340c07b21600b2b5423a2fb88c679b0c5a",
                        "voting_power": "10"
                      }
                    ]
                  },
                  "start_time_us": "500000",
                  "transcript": "0x"
                }
              ]
            },
            "last_completed": {
              "vec": []
            }
          }
        },
        "type": "write_resource"
      },
      {
        "address": "0x1",
        "state_key_hash": "",
        "data": {
          "type": "0x1::features::Features",
          "data": {
            "features": "0xbeffffffffdffedfecfff91b"
          }
        },
        "type": "write_resource"
      },
      {
        "address": "0x1",
        "state_key_hash": "",
        "data": {
          "type": "0x1::reconfiguration_state::State",
          "data": {
            "variant": {
              "data": "0x0000000000000000",
              "type_name": "0x1::reconfiguration_state::StateActive"
            }
          }
        },
        "type": "write_resource"
      },
      {
        "address": "0xa550c18",
        "state_key_hash": "",
        "data": {
          "type": "0x1::coin::CoinStore<0x1::aptos_coin::AptosCoin>",
          "data": {
            "coin": {
              "value": "18446744073709538315"
            },
            "deposit_events": {
              "counter": "1",
              "guid": {
                "id": {
                  "addr": "0xa550c18",
                  "creation_num": "2"
                }
              }
            },
            "frozen": false,
            "withdraw_events": {
              "counter": "0",
              "guid": {
                "id": {
                  "addr": "0xa550c18",
                  "creation_num": "3"
                }
              }
            }
          }
        },
        "type": "write_resource"
      },
      {
        "address": "0xa550c18",
        "state_key_hash": "",
        "data": {
          "type": "0x1::account::Account",
          "data": {
            "authentication_key": "0xcef8ffd1ab9017e96132df8a56b22de39a8155e1c3fc32affbbf93eb624b532a",
            "coin_register_events": {
              "counter": "0",
              "guid": {
                "id": {
                  "addr": "0xa550c18",
                  "creation_num": "0"
                }
              }
            },
            "guid_creation_num": "4",
            "key_rotation_events": {
              "counter": "0",
              "guid": {
                "id": {
                  "addr": "0xa550c18",
                  "creation_num": "1"
                }
              }
            },
            "rotation_capability_offer": {
              "for": {
                "vec": []
              }
            },
            "sequence_number": "1",
            "signer_capability_offer": {
              "for": {
                "vec": []
              }
            }
          }
        },
        "type": "write_resource"
      },
      {
        "state_key_hash": "",
        "handle": "0x38ff67f17cf7998cd41ed5267b52cff7af37d06a22e8b390ce44b69680fc0e97",
        "key": "0x0619dc29a0aac8fa146714058e8dd6d2d0f3bdf5f6331907bf91f3acd81e6935",
        "value": "0x15ccffffffffffff0000000000000000",
        "data": {
          "data": null
        },
        "type": "write_table_item"
      }
    ],
    "sender": "0xa550c18",
    "sequence_number": "0",
    "max_gas_amount": "1000000",
    "gas_unit_price": "100",
    "expiration_timestamp_secs": "16373698888888",
    "payload": {
      "code": {
        "bytecode": "0xa11ceb0b0700000a06010004030418051c1707336f08a2012006c201260000000100020301000101030502000100040602000101050602000102060c03010c0002060c05010303060c0a030a0301060c106170746f735f676f7665726e616e6365086665617475726573176765745f7369676e65725f746573746e65745f6f6e6c79236368616e67655f666561747572655f666c6167735f666f725f6e6578745f65706f63680b7265636f6e6669677572650c6f6e5f6e65775f65706f63680000000000000000000000000000000000000000000000000000000000000001052000000000000000000000000000000000000000000000000000000000000000010a0301000000010e0b00070011000c020e020b0140040100000000000000070111010e0211020e02110302",
        "abi": {
          "name": "main",
          "visibility": "public",
          "is_entry": true,
          "is_view": false,
          "generic_type_params": [],
          "params": [
            "&signer",
            "u64"
          ],
          "return": []
        }
      },
      "type_arguments": [],
      "arguments": [
        "91"
      ],
      "type": "script_payload"
    },
    "signature": {
      "public_key": "0x14418f867a0bd6d42abb2daa50cd68a5a869ce208282481f57504f630510d0d3",
      "signature": "0x1673fb92d48bde490c99a81f7f1e2464e7ad4931d8f1e724956a23be95e0207114e1a706100568735d5c8c631aa3bb0c4fb64df041522fc5710820fc37cb870c",
      "type": "ed25519_signature"
    },
    "replay_protection_nonce": null,
    "events": [
      {
        "guid": {
          "creation_number": "0",
          "account_address": "0x0"
        },
        "sequence_number": "0",
        "type": "0x1::dkg::DKGStartEvent",
        "data": {
          "session_metadata": {
            "dealer_epoch": "1",
            "dealer_validator_set": [
              {
                "addr": "0x66b22b7465af92a9dc8d07d2878716d9dffbbb280830a7d8cf80334b5da812ef",
                "pk_bytes": "0xaa7023a1ea88520c0b163c530367dfbfe9269621c96dc9dc9147aca9c278b1340c07b21600b2b5423a2fb88c679b0c5a",
                "voting_power": "10"
              }
            ],
            "randomness_config": {
              "variant": {
                "data": "0x00000000000000800000000000000000aaaaaaaaaaaaaaaa0000000000000000aaaaaaaaaaaaaaaa0000000000000000",
                "type_name": "0x1::randomness_config::ConfigV2"
              }
            },
            "target_validator_set": [
              {
                "addr": "0x66b22b7465af92a9dc8d07d2878716d9dffbbb280830a7d8cf80334b5da812ef",
                "pk_bytes": "0xaa7023a1ea88520c0b163c530367dfbfe9269621c96dc9dc9147aca9c278b1340c07b21600b2b5423a2fb88c679b0c5a",
                "voting_power": "10"
              }
            ]
          },
          "start_time_us": "500000"
        }
      },
      {
        "guid": {
          "creation_number": "0",
          "account_address": "0x0"
        },
        "sequence_number": "0",
        "type": "0x1::transaction_fee::FeeStatement",
        "data": {
          "execution_gas_units": "5",
          "io_gas_units": "15",
          "storage_fee_octas": "11360",
          "storage_fee_refund_octas": "0",
          "total_charge_gas_units": "133"
        }
      }
    ],
    "timestamp": "500000",
    "type": "user_transaction"
  },
  {
    "version": "3",
    "hash": "",
    "state_change_hash": "",
    "event_root_hash": "",
    "state_checkpoint_hash": "",
    "gas_used": "0",
    "success": true,
    "vm_status": "Executed successfully",
    "accumulator_root_hash": "",
    "changes": [],
    "timestamp": "500000",
    "type": "state_checkpoint_transaction"
  },
  {
    "version": "4",
    "hash": "",
    "state_change_hash": "",
    "event_root_hash": "",
    "state_checkpoint_hash": null,
    "gas_used": "0",
    "success": true,
    "vm_status": "Executed successfully",
    "accumulator_root_hash": "",
    "changes": [
      {
        "address": "0x1",
        "state_key_hash": "",
        "data": {
          "type": "0x1::block::BlockResource",
          "data": {
            "epoch_interval": "86400000000",
            "height": "2",
            "new_block_events": {
              "counter": "3",
              "guid": {
                "id": {
                  "addr": "0x1",
                  "creation_num": "3"
                }
              }
            },
            "update_epoch_interval_events": {
              "counter": "0",
              "guid": {
                "id": {
                  "addr": "0x1",
                  "creation_num": "4"
                }
              }
            }
          }
        },
        "type": "write_resource"
      },
      {
        "address": "0x1",
        "state_key_hash": "",
        "data": {
          "type": "0x1::block::CommitHistory",
          "data": {
            "max_capacity": 2000,
            "next_idx": 3,
            "table": {
              "inner": {
                "handle": "0xdc3189011da6e60643ef48030b4f8fc315beddc236c6c523db96778af7b47056"
              },
              "length": "3"
            }
          }
        },
        "type": "write_resource"
      },
      {
        "address": "0x1",
        "state_key_hash": "",
        "data": {
          "type": "0x1::stake::ValidatorPerformance",
          "data": {
            "validators": [
              {
                "failed_proposals": "0",
                "successful_proposals": "2"
              }
            ]
          }
        },
        "type": "write_resource"
      },
      {
        "address": "0x1",
        "state_key_hash": "",
        "data": {
          "type": "0x1::timestamp::CurrentTimeMicroseconds",
          "data": {
            "microseconds": "1000000"
          }
        },
        "type": "write_resource"
      },
      {
        "address": "0x1",
        "state_key_hash": "",
        "data": {
          "type": "0x1::randomness::PerBlockRandomness",
          "data": {
            "epoch": "1",
            "round": "1",
            "seed": {
              "vec": []
            }
          }
        },
        "type": "write_resource"
      },
      {
        "state_key_hash": "",
        "handle": "0xdc3189011da6e60643ef48030b4f8fc315beddc236c6c523db96778af7b47056",
        "key": "0x02000000",
        "value": "0xee42e2c326127061eda15599cb5db3db870bea5aecf353161c3cb528b0c5d980010000000000000001000000000000000200000000000000010066b22b7465af92a9dc8d07d2878716d9dffbbb280830a7d8cf80334b5da812ef0040420f0000000000",
        "data": {
          "data": null
        },
        "type": "write_table_item"
      }
    ],
    "id": "0xee42e2c326127061eda15599cb5db3db870bea5aecf353161c3cb528b0c5d980",
    "epoch": "1",
    "round": "1",
    "events": [
      {
        "guid": {
          "creation_number": "3",
          "account_address": "0x1"
        },
        "sequence_number": "2",
        "type": "0x1::block::NewBlockEvent",
        "data": {
          "epoch": "1",
          "failed_proposer_indices": [],
          "hash": "",
          "height": "2",
          "previous_block_votes_bitvec": "0x00",
          "proposer": "0x66b22b7465af92a9dc8d07d2878716d9dffbbb280830a7d8cf80334b5da812ef",
          "round": "1",
          "time_microseconds": "1000000"
        }
      }
    ],
    "previous_block_votes_bitvec": [
      0
    ],
    "proposer": "0x66b22b7465af92a9dc8d07d2878716d9dffbbb280830a7d8cf80334b5da812ef",
    "failed_proposer_indices": [],
    "timestamp": "1000000",
    "type": "block_metadata_transaction"
  },
  {
    "version": "5",
    "hash": "",
    "state_change_hash": "",
    "event_root_hash": "",
    "state_checkpoint_hash": null,
    "gas_used": "9",
    "success": true,
    "vm_status": "Executed successfully",
    "accumulator_root_hash": "",
    "changes": [
      {
        "address": "0xa550c18",
        "state_key_hash": "",
        "data": {
          "type": "0x1::account::Account",
          "data": {
            "authentication_key": "0xcef8ffd1ab9017e96132df8a56b22de39a8155e1c3fc32affbbf93eb624b532a",
            "coin_register_events": {
              "counter": "0",
              "guid": {
                "id": {
                  "addr": "0xa550c18",
                  "creation_num": "0"
                }
              }
            },
            "guid_creation_num": "4",
            "key_rotation_events": {
              "counter": "0",
              "guid": {
                "id": {
                  "addr": "0xa550c18",
                  "creation_num": "1"
                }
              }
            },
            "rotation_capability_offer": {
              "for": {
                "vec": []
              }
            },
            "sequence_number": "2",
            "signer_capability_offer": {
              "for": {
                "vec": []
              }
            }
          }
        },
        "type": "write_resource"
      },
      {
        "address": "0xa8e978fef6303dd1d7b5fdd0d74d21917134034316110a8f2810e5aa34af1287",
        "state_key_hash": "",
        "data": {
          "type": "0x1::coin::CoinStore<0x1::aptos_coin::AptosCoin>",
          "data": {
            "coin": {
              "value": "0"
            },
            "deposit_events": {
              "counter": "0",
              "guid": {
                "id": {
                  "addr": "0xa8e978fef6303dd1d7b5fdd0d74d21917134034316110a8f2810e5aa34af1287",
                  "creation_num": "2"
                }
              }
            },
            "frozen": false,
            "withdraw_events": {
              "counter": "0",
              "guid": {
                "id": {
                  "addr": "0xa8e978fef6303dd1d7b5fdd0d74d21917134034316110a8f2810e5aa34af1287",
                  "creation_num": "3"
                }
              }
            }
          }
        },
        "type": "write_resource"
      },
      {
        "address": "0xa8e978fef6303dd1d7b5fdd0d74d21917134034316110a8f2810e5aa34af1287",
        "state_key_hash": "",
        "data": {
          "type": "0x1::account::Account",
          "data": {
            "authentication_key": "0xa8e978fef6303dd1d7b5fdd0d74d21917134034316110a8f2810e5aa34af1287",
            "coin_register_events": {
              "counter": "0",
              "guid": {
                "id": {
                  "addr": "0xa8e978fef6303dd1d7b5fdd0d74d21917134034316110a8f2810e5aa34af1287",
                  "creation_num": "0"
                }
              }
            },
            "guid_creation_num": "4",
            "key_rotation_events": {
              "counter": "0",
              "guid": {
                "id": {
                  "addr": "0xa8e978fef6303dd1d7b5fdd0d74d21917134034316110a8f2810e5aa34af1287",
                  "creation_num": "1"
                }
              }
            },
            "rotation_capability_offer": {
              "for": {
                "vec": []
              }
            },
            "sequence_number": "0",
            "signer_capability_offer": {
              "for": {
                "vec": []
              }
            }
          }
        },
        "type": "write_resource"
      }
    ],
    "sender": "0xa550c18",
    "sequence_number": "1",
    "max_gas_amount": "100000000",
    "gas_unit_price": "0",
    "expiration_timestamp_secs": "59",
    "payload": {
      "function": "0x1::aptos_account::create_account",
      "type_arguments": [],
      "arguments": [
        "0xa8e978fef6303dd1d7b5fdd0d74d21917134034316110a8f2810e5aa34af1287"
      ],
      "type": "entry_function_payload"
    },
    "signature": {
      "public_key": "0x14418f867a0bd6d42abb2daa50cd68a5a869ce208282481f57504f630510d0d3",
      "signature": "0x6faf75afb3ea0a88199b1691f73f4e202ad672ada08fc8023af3f3470b349e0ef7d99555e43fd8ea7484a6395a5c076f0d7496d9f592365630526c8777957707",
      "type": "ed25519_signature"
    },
    "replay_protection_nonce": null,
    "events": [
      {
        "guid": {
          "creation_number": "0",
          "account_address": "0x0"
        },
        "sequence_number": "0",
        "type": "0x1::account::CoinRegister",
        "data": {
          "account": "0xa8e978fef6303dd1d7b5fdd0d74d21917134034316110a8f2810e5aa34af1287",
          "type_info": {
            "account_address": "0x1",
            "module_name": "0x6170746f735f636f696e",
            "struct_name": "0x4170746f73436f696e"
          }
        }
      },
      {
        "guid": {
          "creation_number": "0",
          "account_address": "0x0"
        },
        "sequence_number": "0",
        "type": "0x1::transaction_fee::FeeStatement",
        "data": {
          "execution_gas_units": "5",
          "io_gas_units": "4",
          "storage_fee_octas": "0",
          "storage_fee_refund_octas": "0",
          "total_charge_gas_units": "9"
        }
      }
    ],
    "timestamp": "1000000",
    "type": "user_transaction"
  },
  {
    "version": "6",
    "hash": "",
    "state_change_hash": "",
    "event_root_hash": "",
    "state_checkpoint_hash": "",
    "gas_used": "0",
    "success": true,
    "vm_status": "Executed successfully",
    "accumulator_root_hash": "",
    "changes": [],
    "timestamp": "1000000",
    "type": "state_checkpoint_transaction"
  }
]
