{
  "version": "8",
  "hash": "",
  "state_change_hash": "",
  "event_root_hash": "",
  "state_checkpoint_hash": null,
  "gas_used": "3",
  "success": false,
  "vm_status": "LINKER_ERROR",
  "accumulator_root_hash": "",
  "changes": [
    {
      "address": "0xa8e978fef6303dd1d7b5fdd0d74d21917134034316110a8f2810e5aa34af1287",
      "state_key_hash": "",
      "data": {
        "type": "0x1::account::Account",
        "data": {
          "authentication_key": "0xa8e978fef6303dd1d7b5fdd0d74d21917134034316110a8f2810e5aa34af1287",
          "coin_register_events": {
            "counter": "0",
            "guid": {
              "id": {
                "addr": "0xa8e978fef6303dd1d7b5fdd0d74d21917134034316110a8f2810e5aa34af1287",
                "creation_num": "0"
              }
            }
          },
          "guid_creation_num": "4",
          "key_rotation_events": {
            "counter": "0",
            "guid": {
              "id": {
                "addr": "0xa8e978fef6303dd1d7b5fdd0d74d21917134034316110a8f2810e5aa34af1287",
                "creation_num": "1"
              }
            }
          },
          "rotation_capability_offer": {
            "for": {
              "vec": []
            }
          },
          "sequence_number": "1",
          "signer_capability_offer": {
            "for": {
              "vec": []
            }
          }
        }
      },
      "type": "write_resource"
    }
  ],
  "sender": "0xa8e978fef6303dd1d7b5fdd0d74d21917134034316110a8f2810e5aa34af1287",
  "sequence_number": "0",
  "max_gas_amount": "100000000",
  "gas_unit_price": "0",
  "expiration_timestamp_secs": "60",
  "payload": {
    "function": "0x1::Coin::transfer",
    "type_arguments": [
      "0x1::aptos_coin::AptosCoin"
    ],
    "arguments": [
      "0x00000000000000000000000000000000000000000000000000000000000000dd",
      "0x7b00000000000000"
    ],
    "type": "entry_function_payload"
  },
  "signature": {
    "public_key": "0x0c288926cc2321d3dc2f7c17e525253ab46f4270ac1981861fc2bb9c09b02478",
    "signature": "0x09a707f1a97420f75168b84536f8a88ce1a5be7e89dfdffab9590c71e2ad74a0939abc967815dd2e18142e5edd6dd7facb5792bca73b76dc510d493a808d8508",
    "type": "ed25519_signature"
  },
  "replay_protection_nonce": null,
  "events": [
    {
      "guid": {
        "creation_number": "0",
        "account_address": "0x0"
      },
      "sequence_number": "0",
      "type": "0x1::transaction_fee::FeeStatement",
      "data": {
        "execution_gas_units": "3",
        "io_gas_units": "0",
        "storage_fee_octas": "0",
        "storage_fee_refund_octas": "0",
        "total_charge_gas_units": "3"
      }
    }
  ],
  "timestamp": "1500000",
  "type": "user_transaction"
}
