[
  {
    "version": "12",
    "hash": "",
    "state_change_hash": "",
    "event_root_hash": "",
    "state_checkpoint_hash": null,
    "gas_used": "11",
    "success": false,
    "vm_status": "Move abort in 0x1::coin: EINSUFFICIENT_BALANCE(0x10006): Not enough coins to complete transaction",
    "accumulator_root_hash": "",
    "changes": [
      {
        "state_key_hash": "",
        "handle": "0x1b854694ae746cdbd8d44186ca4929b2b337df21d1c74633be19b2710552fdca",
        "key": "",
        "value": "",
        "data": {
          "data": null
        },
        "type": "write_table_item"
      }
    ],
    "sender": "0x7f907266eb89259623f37611ff40880bf8ff54b0f72366879296df154f9523c3",
    "sequence_number": "18446744073709551615",
    "max_gas_amount": "100000000",
    "gas_unit_price": "0",
    "expiration_timestamp_secs": "61",
    "payload": {
      "function": "0x1::aptos_account::transfer",
      "type_arguments": [],
      "arguments": [
        "0x1",
        "999999999999999999"
      ],
      "type": "entry_function_payload"
    },
    "signature": {
      "public_key": "0xafbbbe560496ffda9d51778273b439702816865c85852ac18ef8194aa2f55fdc",
      "signature": "",
      "type": "ed25519_signature"
    },
    "replay_protection_nonce": "",
    "events": [
      {
        "guid": {
          "creation_number": "0",
          "account_address": "0x0"
        },
        "sequence_number": "0",
        "type": "0x1::transaction_fee::FeeStatement",
        "data": {
          "execution_gas_units": "6",
          "io_gas_units": "6",
          "storage_fee_octas": "0",
          "storage_fee_refund_octas": "0",
          "total_charge_gas_units": "11"
        }
      }
    ],
    "timestamp": "2000000"
  }
]
