[
  {
    "version": "1",
    "hash": "",
    "state_change_hash": "",
    "event_root_hash": "",
    "state_checkpoint_hash": null,
    "gas_used": "0",
    "success": true,
    "vm_status": "Executed successfully",
    "accumulator_root_hash": "",
    "changes": [
      {
        "address": "0x1",
        "state_key_hash": "",
        "data": {
          "type": "0x1::block::BlockResource",
          "data": {
            "epoch_interval": "86400000000",
            "height": "1",
            "new_block_events": {
              "counter": "2",
              "guid": {
                "id": {
                  "addr": "0x1",
                  "creation_num": "3"
                }
              }
            },
            "update_epoch_interval_events": {
              "counter": "0",
              "guid": {
                "id": {
                  "addr": "0x1",
                  "creation_num": "4"
                }
              }
            }
          }
        },
        "type": "write_resource"
      },
      {
        "address": "0x1",
        "state_key_hash": "",
        "data": {
          "type": "0x1::block::CommitHistory",
          "data": {
            "max_capacity": 2000,
            "next_idx": 2,
            "table": {
              "inner": {
                "handle": "0xdc3189011da6e60643ef48030b4f8fc315beddc236c6c523db96778af7b47056"
              },
              "length": "2"
            }
          }
        },
        "type": "write_resource"
      },
      {
        "address": "0x1",
        "state_key_hash": "",
        "data": {
          "type": "0x1::stake::ValidatorPerformance",
          "data": {
            "validators": [
              {
                "failed_proposals": "0",
                "successful_proposals": "1"
              }
            ]
          }
        },
        "type": "write_resource"
      },
      {
        "address": "0x1",
        "state_key_hash": "",
        "data": {
          "type": "0x1::timestamp::CurrentTimeMicroseconds",
          "data": {
            "microseconds": "500000"
          }
        },
        "type": "write_resource"
      },
      {
        "address": "0x1",
        "state_key_hash": "",
        "data": {
          "type": "0x1::randomness::PerBlockRandomness",
          "data": {
            "epoch": "1",
            "round": "1",
            "seed": {
              "vec": []
            }
          }
        },
        "type": "write_resource"
      },
      {
        "address": "0x1",
        "state_key_hash": "",
        "data": {
          "type": "0x1::state_storage::StateStorageUsage",
          "data": "state storage omitted"
        },
        "type": "write_resource"
      },
      {
        "state_key_hash": "",
        "handle": "0xdc3189011da6e60643ef48030b4f8fc315beddc236c6c523db96778af7b47056",
        "key": "",
        "value": "",
        "data": {
          "data": null
        },
        "type": "write_table_item"
      }
    ],
    "id": "0xe52bfb76e51cca8b4e9016838657edfae09cb9a71eb219025c4c87a67c4aaa86",
    "epoch": "1",
    "round": "1",
    "events": [
      {
        "guid": {
          "creation_number": "3",
          "account_address": "0x1"
        },
        "sequence_number": "1",
        "type": "0x1::block::NewBlockEvent",
        "data": {
          "epoch": "1",
          "failed_proposer_indices": [],
          "hash": "",
          "height": "1",
          "previous_block_votes_bitvec": "0x00",
          "proposer": "0x66b22b7465af92a9dc8d07d2878716d9dffbbb280830a7d8cf80334b5da812ef",
          "round": "1",
          "time_microseconds": "500000"
        }
      }
    ],
    "previous_block_votes_bitvec": [
      0
    ],
    "proposer": "0x66b22b7465af92a9dc8d07d2878716d9dffbbb280830a7d8cf80334b5da812ef",
    "failed_proposer_indices": [],
    "timestamp": "500000",
    "type": "block_metadata_transaction"
  },
  {
    "version": "2",
    "hash": "",
    "state_change_hash": "",
    "event_root_hash": "",
    "state_checkpoint_hash": null,
    "gas_used": "577",
    "success": true,
    "vm_status": "Executed successfully",
    "accumulator_root_hash": "",
    "changes": [
      {
        "address": "0x1",
        "state_key_hash": "",
        "data": {
          "type": "0x1::dkg::DKGState",
          "data": {
            "in_progress": {
              "vec": [
                {
                  "metadata": {
                    "dealer_epoch": "1",
                    "dealer_validator_set": [
                      {
                        "addr": "0x66b22b7465af92a9dc8d07d2878716d9dffbbb280830a7d8cf80334b5da812ef",
                        "pk_bytes": "0xaa7023a1ea88520c0b163c530367dfbfe9269621c96dc9dc9147aca9c278b1340c07b21600b2b5423a2fb88c679b0c5a",
                        "voting_power": "10"
                      }
                    ],
                    "randomness_config": {
                      "variant": {
                        "data": "0x00000000000000800000000000000000aaaaaaaaaaaaaaaa0000000000000000aaaaaaaaaaaaaaaa0000000000000000",
                        "type_name": "0x1::randomness_config::ConfigV2"
                      }
                    },
                    "target_validator_set": [
                      {
                        "addr": "0x66b22b7465af92a9dc8d07d2878716d9dffbbb280830a7d8cf80334b5da812ef",
                        "pk_bytes": "0xaa7023a1ea88520c0b163c530367dfbfe9269621c96dc9dc9147aca9c278b1340c07b21600b2b5423a2fb88c679b0c5a",
                        "voting_power": "10"
                      }
                    ]
                  },
                  "start_time_us": "500000",
                  "transcript": "0x"
                }
              ]
            },
            "last_completed": {
              "vec": []
            }
          }
        },
        "type": "write_resource"
      },
      {
        "address": "0x1",
        "state_key_hash": "",
        "data": {
          "type": "0x1::features::Features",
          "data": {
            "features": "0xbeffffffffdffedfecfff91b"
          }
        },
        "type": "write_resource"
      },
      {
        "address": "0x1",
        "state_key_hash": "",
        "data": {
          "type": "0x1::reconfiguration_state::State",
          "data": {
            "variant": {
              "data": "0x0000000000000000",
              "type_name": "0x1::reconfiguration_state::StateActive"
            }
          }
        },
        "type": "write_resource"
      },
      {
        "address": "0xa550c18",
        "state_key_hash": "",
        "data": {
          "type": "0x1::coin::CoinStore<0x1::aptos_coin::AptosCoin>",
          "data": {
            "coin": {
              "value": "18446744073709493915"
            },
            "deposit_events": {
              "counter": "1",
              "guid": {
                "id": {
                  "addr": "0xa550c18",
                  "creation_num": "2"
                }
              }
            },
            "frozen": false,
            "withdraw_events": {
              "counter": "0",
              "guid": {
                "id": {
                  "addr": "0xa550c18",
                  "creation_num": "3"
                }
              }
            }
          }
        },
        "type": "write_resource"
      },
      {
        "state_key_hash": "",
        "handle": "0x1b854694ae746cdbd8d44186ca4929b2b337df21d1c74633be19b2710552fdca",
        "key": "",
        "value": "",
        "data": {
          "data": null
        },
        "type": "write_table_item"
      },
      {
        "state_key_hash": "",
        "handle": "0x38ff67f17cf7998cd41ed5267b52cff7af37d06a22e8b390ce44b69680fc0e97",
        "key": "",
        "value": "",
        "data": {
          "data": null
        },
        "type": "write_table_item"
      }
    ],
    "sender": "0xa550c18",
    "sequence_number": "18446744073709551615",
    "max_gas_amount": "1000000",
    "gas_unit_price": "100",
    "expiration_timestamp_secs": "59",
    "payload": {
      "code": {
        "bytecode": "0xa11ceb0b0700000a06010004030418051c1707336f08a2012006c201260000000100020301000101030502000100040602000101050602000102060c03010c0002060c05010303060c0a030a0301060c106170746f735f676f7665726e616e6365086665617475726573176765745f7369676e65725f746573746e65745f6f6e6c79236368616e67655f666561747572655f666c6167735f666f725f6e6578745f65706f63680b7265636f6e6669677572650c6f6e5f6e65775f65706f63680000000000000000000000000000000000000000000000000000000000000001052000000000000000000000000000000000000000000000000000000000000000010a0301000000010e0b00070011000c020e020b0140040100000000000000070111010e0211020e02110302",
        "abi": {
          "name": "main",
          "visibility": "public",
          "is_entry": true,
          "is_view": false,
          "generic_type_params": [],
          "params": [
            "&signer",
            "u64"
          ],
          "return": []
        }
      },
      "type_arguments": [],
      "arguments": [
        "91"
      ],
      "type": "script_payload"
    },
    "signature": {
      "public_key": "0x14418f867a0bd6d42abb2daa50cd68a5a869ce208282481f57504f630510d0d3",
      "signature": "",
      "type": "ed25519_signature"
    },
    "replay_protection_nonce": "",
    "events": [
      {
        "guid": {
          "creation_number": "0",
          "account_address": "0x0"
        },
        "sequence_number": "0",
        "type": "0x1::dkg::DKGStartEvent",
        "data": {
          "session_metadata": {
            "dealer_epoch": "1",
            "dealer_validator_set": [
              {
                "addr": "0x66b22b7465af92a9dc8d07d2878716d9dffbbb280830a7d8cf80334b5da812ef",
                "pk_bytes": "0xaa7023a1ea88520c0b163c530367dfbfe9269621c96dc9dc9147aca9c278b1340c07b21600b2b5423a2fb88c679b0c5a",
                "voting_power": "10"
              }
            ],
            "randomness_config": {
              "variant": {
                "data": "0x00000000000000800000000000000000aaaaaaaaaaaaaaaa0000000000000000aaaaaaaaaaaaaaaa0000000000000000",
                "type_name": "0x1::randomness_config::ConfigV2"
              }
            },
            "target_validator_set": [
              {
                "addr": "0x66b22b7465af92a9dc8d07d2878716d9dffbbb280830a7d8cf80334b5da812ef",
                "pk_bytes": "0xaa7023a1ea88520c0b163c530367dfbfe9269621c96dc9dc9147aca9c278b1340c07b21600b2b5423a2fb88c679b0c5a",
                "voting_power": "10"
              }
            ]
          },
          "start_time_us": "500000"
        }
      },
      {
        "guid": {
          "creation_number": "0",
          "account_address": "0x0"
        },
        "sequence_number": "0",
        "type": "0x1::transaction_fee::FeeStatement",
        "data": {
          "execution_gas_units": "5",
          "io_gas_units": "15",
          "storage_fee_octas": "55760",
          "storage_fee_refund_octas": "0",
          "total_charge_gas_units": "577"
        }
      }
    ],
    "timestamp": "500000",
    "type": "user_transaction"
  },
  {
    "version": "3",
    "hash": "",
    "state_change_hash": "",
    "event_root_hash": "",
    "state_checkpoint_hash": "",
    "gas_used": "0",
    "success": true,
    "vm_status": "Executed successfully",
    "accumulator_root_hash": "",
    "changes": [],
    "timestamp": "500000",
    "type": "state_checkpoint_transaction"
  },
  {
    "version": "4",
    "hash": "",
    "state_change_hash": "",
    "event_root_hash": "",
    "state_checkpoint_hash": null,
    "gas_used": "0",
    "success": true,
    "vm_status": "Executed successfully",
    "accumulator_root_hash": "",
    "changes": [
      {
        "address": "0x1",
        "state_key_hash": "",
        "data": {
          "type": "0x1::block::BlockResource",
          "data": {
            "epoch_interval": "86400000000",
            "height": "2",
            "new_block_events": {
              "counter": "3",
              "guid": {
                "id": {
                  "addr": "0x1",
                  "creation_num": "3"
                }
              }
            },
            "update_epoch_interval_events": {
              "counter": "0",
              "guid": {
                "id": {
                  "addr": "0x1",
                  "creation_num": "4"
                }
              }
            }
          }
        },
        "type": "write_resource"
      },
      {
        "address": "0x1",
        "state_key_hash": "",
        "data": {
          "type": "0x1::block::CommitHistory",
          "data": {
            "max_capacity": 2000,
            "next_idx": 3,
            "table": {
              "inner": {
                "handle": "0xdc3189011da6e60643ef48030b4f8fc315beddc236c6c523db96778af7b47056"
              },
              "length": "3"
            }
          }
        },
        "type": "write_resource"
      },
      {
        "address": "0x1",
        "state_key_hash": "",
        "data": {
          "type": "0x1::stake::ValidatorPerformance",
          "data": {
            "validators": [
              {
                "failed_proposals": "0",
                "successful_proposals": "2"
              }
            ]
          }
        },
        "type": "write_resource"
      },
      {
        "address": "0x1",
        "state_key_hash": "",
        "data": {
          "type": "0x1::timestamp::CurrentTimeMicroseconds",
          "data": {
            "microseconds": "1000000"
          }
        },
        "type": "write_resource"
      },
      {
        "address": "0x1",
        "state_key_hash": "",
        "data": {
          "type": "0x1::randomness::PerBlockRandomness",
          "data": {
            "epoch": "1",
            "round": "1",
            "seed": {
              "vec": []
            }
          }
        },
        "type": "write_resource"
      },
      {
        "state_key_hash": "",
        "handle": "0xdc3189011da6e60643ef48030b4f8fc315beddc236c6c523db96778af7b47056",
        "key": "",
        "value": "",
        "data": {
          "data": null
        },
        "type": "write_table_item"
      }
    ],
    "id": "0xf20ac0aa792bc121ee42e2c326127061eda15599cb5db3db870bea5aecf35316",
    "epoch": "1",
    "round": "1",
    "events": [
      {
        "guid": {
          "creation_number": "3",
          "account_address": "0x1"
        },
        "sequence_number": "2",
        "type": "0x1::block::NewBlockEvent",
        "data": {
          "epoch": "1",
          "failed_proposer_indices": [],
          "hash": "",
          "height": "2",
          "previous_block_votes_bitvec": "0x00",
          "proposer": "0x66b22b7465af92a9dc8d07d2878716d9dffbbb280830a7d8cf80334b5da812ef",
          "round": "1",
          "time_microseconds": "1000000"
        }
      }
    ],
    "previous_block_votes_bitvec": [
      0
    ],
    "proposer": "0x66b22b7465af92a9dc8d07d2878716d9dffbbb280830a7d8cf80334b5da812ef",
    "failed_proposer_indices": [],
    "timestamp": "1000000",
    "type": "block_metadata_transaction"
  },
  {
    "version": "5",
    "hash": "",
    "state_change_hash": "",
    "event_root_hash": "",
    "state_checkpoint_hash": null,
    "gas_used": "455",
    "success": true,
    "vm_status": "Executed successfully",
    "accumulator_root_hash": "",
    "changes": [
      {
        "address": "0x1",
        "state_key_hash": "",
        "data": {
          "type": "0x1::features::Features",
          "data": {
            "features": "0xbeffffffffdffedfecfff91b"
          }
        },
        "type": "write_resource"
      },
      {
        "address": "0xa550c18",
        "state_key_hash": "",
        "data": {
          "type": "0x1::coin::CoinStore<0x1::aptos_coin::AptosCoin>",
          "data": {
            "coin": {
              "value": "18446744073709448415"
            },
            "deposit_events": {
              "counter": "1",
              "guid": {
                "id": {
                  "addr": "0xa550c18",
                  "creation_num": "2"
                }
              }
            },
            "frozen": false,
            "withdraw_events": {
              "counter": "0",
              "guid": {
                "id": {
                  "addr": "0xa550c18",
                  "creation_num": "3"
                }
              }
            }
          }
        },
        "type": "write_resource"
      },
      {
        "state_key_hash": "",
        "handle": "0x1b854694ae746cdbd8d44186ca4929b2b337df21d1c74633be19b2710552fdca",
        "key": "",
        "value": "",
        "data": {
          "data": null
        },
        "type": "write_table_item"
      },
      {
        "state_key_hash": "",
        "handle": "0x38ff67f17cf7998cd41ed5267b52cff7af37d06a22e8b390ce44b69680fc0e97",
        "key": "",
        "value": "",
        "data": {
          "data": null
        },
        "type": "write_table_item"
      }
    ],
    "sender": "0xa550c18",
    "sequence_number": "18446744073709551615",
    "max_gas_amount": "1000000",
    "gas_unit_price": "100",
    "expiration_timestamp_secs": "59",
    "payload": {
      "code": {
        "bytecode": "0xa11ceb0b0700000a06010004030418051c1707336f08a2012006c201260000000100020301000101030502000100040602000101050602000102060c03010c0002060c05010303060c0a030a0301060c106170746f735f676f7665726e616e6365086665617475726573176765745f7369676e65725f746573746e65745f6f6e6c79236368616e67655f666561747572655f666c6167735f666f725f6e6578745f65706f63680b7265636f6e6669677572650c6f6e5f6e65775f65706f63680000000000000000000000000000000000000000000000000000000000000001052000000000000000000000000000000000000000000000000000000000000000010a0301000000010e0b00070011000c020e020b0140040100000000000000070111010e0211020e02110302",
        "abi": {
          "name": "main",
          "visibility": "public",
          "is_entry": true,
          "is_view": false,
          "generic_type_params": [],
          "params": [
            "&signer",
            "u64"
          ],
          "return": []
        }
      },
      "type_arguments": [],
      "arguments": [
        "92"
      ],
      "type": "script_payload"
    },
    "signature": {
      "public_key": "0x14418f867a0bd6d42abb2daa50cd68a5a869ce208282481f57504f630510d0d3",
      "signature": "",
      "type": "ed25519_signature"
    },
    "replay_protection_nonce": "",
    "events": [
      {
        "guid": {
          "creation_number": "0",
          "account_address": "0x0"
        },
        "sequence_number": "0",
        "type": "0x1::transaction_fee::FeeStatement",
        "data": {
          "execution_gas_units": "4",
          "io_gas_units": "7",
          "storage_fee_octas": "44400",
          "storage_fee_refund_octas": "0",
          "total_charge_gas_units": "455"
        }
      }
    ],
    "timestamp": "1000000",
    "type": "user_transaction"
  },
  {
    "version": "6",
    "hash": "",
    "state_change_hash": "",
    "event_root_hash": "",
    "state_checkpoint_hash": "",
    "gas_used": "0",
    "success": true,
    "vm_status": "Executed successfully",
    "accumulator_root_hash": "",
    "changes": [],
    "timestamp": "1000000",
    "type": "state_checkpoint_transaction"
  },
  {
    "version": "7",
    "hash": "",
    "state_change_hash": "",
    "event_root_hash": "",
    "state_checkpoint_hash": null,
    "gas_used": "0",
    "success": true,
    "vm_status": "Executed successfully",
    "accumulator_root_hash": "",
    "changes": [
      {
        "address": "0x1",
        "state_key_hash": "",
        "data": {
          "type": "0x1::block::BlockResource",
          "data": {
            "epoch_interval": "86400000000",
            "height": "3",
            "new_block_events": {
              "counter": "4",
              "guid": {
                "id": {
                  "addr": "0x1",
                  "creation_num": "3"
                }
              }
            },
            "update_epoch_interval_events": {
              "counter": "0",
              "guid": {
                "id": {
                  "addr": "0x1",
                  "creation_num": "4"
                }
              }
            }
          }
        },
        "type": "write_resource"
      },
      {
        "address": "0x1",
        "state_key_hash": "",
        "data": {
          "type": "0x1::block::CommitHistory",
          "data": {
            "max_capacity": 2000,
            "next_idx": 4,
            "table": {
              "inner": {
                "handle": "0xdc3189011da6e60643ef48030b4f8fc315beddc236c6c523db96778af7b47056"
              },
              "length": "4"
            }
          }
        },
        "type": "write_resource"
      },
      {
        "address": "0x1",
        "state_key_hash": "",
        "data": {
          "type": "0x1::stake::ValidatorPerformance",
          "data": {
            "validators": [
              {
                "failed_proposals": "0",
                "successful_proposals": "3"
              }
            ]
          }
        },
        "type": "write_resource"
      },
      {
        "address": "0x1",
        "state_key_hash": "",
        "data": {
          "type": "0x1::timestamp::CurrentTimeMicroseconds",
          "data": {
            "microseconds": "1500000"
          }
        },
        "type": "write_resource"
      },
      {
        "address": "0x1",
        "state_key_hash": "",
        "data": {
          "type": "0x1::randomness::PerBlockRandomness",
          "data": {
            "epoch": "1",
            "round": "1",
            "seed": {
              "vec": []
            }
          }
        },
        "type": "write_resource"
      },
      {
        "state_key_hash": "",
        "handle": "0xdc3189011da6e60643ef48030b4f8fc315beddc236c6c523db96778af7b47056",
        "key": "",
        "value": "",
        "data": {
          "data": null
        },
        "type": "write_table_item"
      }
    ],
    "id": "0x1c3cb528b0c5d98050c4570bfc942d8b19ed7b0cbba5725e03e5f0b7e30db36b",
    "epoch": "1",
    "round": "1",
    "events": [
      {
        "guid": {
          "creation_number": "3",
          "account_address": "0x1"
        },
        "sequence_number": "3",
        "type": "0x1::block::NewBlockEvent",
        "data": {
          "epoch": "1",
          "failed_proposer_indices": [],
          "hash": "",
          "height": "3",
          "previous_block_votes_bitvec": "0x00",
          "proposer": "0x66b22b7465af92a9dc8d07d2878716d9dffbbb280830a7d8cf80334b5da812ef",
          "round": "1",
          "time_microseconds": "1500000"
        }
      }
    ],
    "previous_block_votes_bitvec": [
      0
    ],
    "proposer": "0x66b22b7465af92a9dc8d07d2878716d9dffbbb280830a7d8cf80334b5da812ef",
    "failed_proposer_indices": [],
    "timestamp": "1500000",
    "type": "block_metadata_transaction"
  },
  {
    "version": "8",
    "hash": "",
    "state_change_hash": "",
    "event_root_hash": "",
    "state_checkpoint_hash": null,
    "gas_used": "455",
    "success": true,
    "vm_status": "Executed successfully",
    "accumulator_root_hash": "",
    "changes": [
      {
        "address": "0x1",
        "state_key_hash": "",
        "data": {
          "type": "0x1::features::Features",
          "data": {
            "features": "0xbeffffffffdffedfecfff91b"
          }
        },
        "type": "write_resource"
      },
      {
        "address": "0xa550c18",
        "state_key_hash": "",
        "data": {
          "type": "0x1::coin::CoinStore<0x1::aptos_coin::AptosCoin>",
          "data": {
            "coin": {
              "value": "18446744073709402915"
            },
            "deposit_events": {
              "counter": "1",
              "guid": {
                "id": {
                  "addr": "0xa550c18",
                  "creation_num": "2"
                }
              }
            },
            "frozen": false,
            "withdraw_events": {
              "counter": "0",
              "guid": {
                "id": {
                  "addr": "0xa550c18",
                  "creation_num": "3"
                }
              }
            }
          }
        },
        "type": "write_resource"
      },
      {
        "state_key_hash": "",
        "handle": "0x1b854694ae746cdbd8d44186ca4929b2b337df21d1c74633be19b2710552fdca",
        "key": "",
        "value": "",
        "data": {
          "data": null
        },
        "type": "write_table_item"
      },
      {
        "state_key_hash": "",
        "handle": "0x38ff67f17cf7998cd41ed5267b52cff7af37d06a22e8b390ce44b69680fc0e97",
        "key": "",
        "value": "",
        "data": {
          "data": null
        },
        "type": "write_table_item"
      }
    ],
    "sender": "0xa550c18",
    "sequence_number": "18446744073709551615",
    "max_gas_amount": "1000000",
    "gas_unit_price": "100",
    "expiration_timestamp_secs": "60",
    "payload": {
      "code": {
        "bytecode": "0xa11ceb0b0700000a06010004030418051c1707336f08a2012006c201260000000100020301000101030502000100040602000101050602000102060c03010c0002060c05010303060c0a030a0301060c106170746f735f676f7665726e616e6365086665617475726573176765745f7369676e65725f746573746e65745f6f6e6c79236368616e67655f666561747572655f666c6167735f666f725f6e6578745f65706f63680b7265636f6e6669677572650c6f6e5f6e65775f65706f63680000000000000000000000000000000000000000000000000000000000000001052000000000000000000000000000000000000000000000000000000000000000010a0301000000010e0b00070011000c020e020b0140040100000000000000070111010e0211020e02110302",
        "abi": {
          "name": "main",
          "visibility": "public",
          "is_entry": true,
          "is_view": false,
          "generic_type_params": [],
          "params": [
            "&signer",
            "u64"
          ],
          "return": []
        }
      },
      "type_arguments": [],
      "arguments": [
        "85"
      ],
      "type": "script_payload"
    },
    "signature": {
      "public_key": "0x14418f867a0bd6d42abb2daa50cd68a5a869ce208282481f57504f630510d0d3",
      "signature": "",
      "type": "ed25519_signature"
    },
    "replay_protection_nonce": "",
    "events": [
      {
        "guid": {
          "creation_number": "0",
          "account_address": "0x0"
        },
        "sequence_number": "0",
        "type": "0x1::transaction_fee::FeeStatement",
        "data": {
          "execution_gas_units": "4",
          "io_gas_units": "7",
          "storage_fee_octas": "44400",
          "storage_fee_refund_octas": "0",
          "total_charge_gas_units": "455"
        }
      }
    ],
    "timestamp": "1500000",
    "type": "user_transaction"
  },
  {
    "version": "9",
    "hash": "",
    "state_change_hash": "",
    "event_root_hash": "",
    "state_checkpoint_hash": "",
    "gas_used": "0",
    "success": true,
    "vm_status": "Executed successfully",
    "accumulator_root_hash": "",
    "changes": [],
    "timestamp": "1500000",
    "type": "state_checkpoint_transaction"
  },
  {
    "version": "10",
    "hash": "",
    "state_change_hash": "",
    "event_root_hash": "",
    "state_checkpoint_hash": null,
    "gas_used": "0",
    "success": true,
    "vm_status": "Executed successfully",
    "accumulator_root_hash": "",
    "changes": [
      {
        "address": "0x1",
        "state_key_hash": "",
        "data": {
          "type": "0x1::block::BlockResource",
          "data": {
            "epoch_interval": "86400000000",
            "height": "4",
            "new_block_events": {
              "counter": "5",
              "guid": {
                "id": {
                  "addr": "0x1",
                  "creation_num": "3"
                }
              }
            },
            "update_epoch_interval_events": {
              "counter": "0",
              "guid": {
                "id": {
                  "addr": "0x1",
                  "creation_num": "4"
                }
              }
            }
          }
        },
        "type": "write_resource"
      },
      {
        "address": "0x1",
        "state_key_hash": "",
        "data": {
          "type": "0x1::block::CommitHistory",
          "data": {
            "max_capacity": 2000,
            "next_idx": 5,
            "table": {
              "inner": {
                "handle": "0xdc3189011da6e60643ef48030b4f8fc315beddc236c6c523db96778af7b47056"
              },
              "length": "5"
            }
          }
        },
        "type": "write_resource"
      },
      {
        "address": "0x1",
        "state_key_hash": "",
        "data": {
          "type": "0x1::stake::ValidatorPerformance",
          "data": {
            "validators": [
              {
                "failed_proposals": "0",
                "successful_proposals": "4"
              }
            ]
          }
        },
        "type": "write_resource"
      },
      {
        "address": "0x1",
        "state_key_hash": "",
        "data": {
          "type": "0x1::timestamp::CurrentTimeMicroseconds",
          "data": {
            "microseconds": "2000000"
          }
        },
        "type": "write_resource"
      },
      {
        "address": "0x1",
        "state_key_hash": "",
        "data": {
          "type": "0x1::randomness::PerBlockRandomness",
          "data": {
            "epoch": "1",
            "round": "1",
            "seed": {
              "vec": []
            }
          }
        },
        "type": "write_resource"
      },
      {
        "state_key_hash": "",
        "handle": "0xdc3189011da6e60643ef48030b4f8fc315beddc236c6c523db96778af7b47056",
        "key": "",
        "value": "",
        "data": {
          "data": null
        },
        "type": "write_table_item"
      }
    ],
    "id": "0xf80a5e2a9cac7c64991dd6a6ce21c0601758edb9260d2a86c836efc05f17e5c5",
    "epoch": "1",
    "round": "1",
    "events": [
      {
        "guid": {
          "creation_number": "3",
          "account_address": "0x1"
        },
        "sequence_number": "4",
        "type": "0x1::block::NewBlockEvent",
        "data": {
          "epoch": "1",
          "failed_proposer_indices": [],
          "hash": "",
          "height": "4",
          "previous_block_votes_bitvec": "0x00",
          "proposer": "0x66b22b7465af92a9dc8d07d2878716d9dffbbb280830a7d8cf80334b5da812ef",
          "round": "1",
          "time_microseconds": "2000000"
        }
      }
    ],
    "previous_block_votes_bitvec": [
      0
    ],
    "proposer": "0x66b22b7465af92a9dc8d07d2878716d9dffbbb280830a7d8cf80334b5da812ef",
    "failed_proposer_indices": [],
    "timestamp": "2000000",
    "type": "block_metadata_transaction"
  },
  {
    "version": "11",
    "hash": "",
    "state_change_hash": "",
    "event_root_hash": "",
    "state_checkpoint_hash": null,
    "gas_used": "9",
    "success": true,
    "vm_status": "Executed successfully",
    "accumulator_root_hash": "",
    "changes": [
      {
        "address": "0x7f907266eb89259623f37611ff40880bf8ff54b0f72366879296df154f9523c3",
        "state_key_hash": "",
        "data": {
          "type": "0x1::coin::CoinStore<0x1::aptos_coin::AptosCoin>",
          "data": {
            "coin": {
              "value": "0"
            },
            "deposit_events": {
              "counter": "0",
              "guid": {
                "id": {
                  "addr": "0x7f907266eb89259623f37611ff40880bf8ff54b0f72366879296df154f9523c3",
                  "creation_num": "2"
                }
              }
            },
            "frozen": false,
            "withdraw_events": {
              "counter": "0",
              "guid": {
                "id": {
                  "addr": "0x7f907266eb89259623f37611ff40880bf8ff54b0f72366879296df154f9523c3",
                  "creation_num": "3"
                }
              }
            }
          }
        },
        "type": "write_resource"
      },
      {
        "address": "0x7f907266eb89259623f37611ff40880bf8ff54b0f72366879296df154f9523c3",
        "state_key_hash": "",
        "data": {
          "type": "0x1::account::Account",
          "data": {
            "authentication_key": "0x7f907266eb89259623f37611ff40880bf8ff54b0f72366879296df154f9523c3",
            "coin_register_events": {
              "counter": "0",
              "guid": {
                "id": {
                  "addr": "0x7f907266eb89259623f37611ff40880bf8ff54b0f72366879296df154f9523c3",
                  "creation_num": "0"
                }
              }
            },
            "guid_creation_num": "4",
            "key_rotation_events": {
              "counter": "0",
              "guid": {
                "id": {
                  "addr": "0x7f907266eb89259623f37611ff40880bf8ff54b0f72366879296df154f9523c3",
                  "creation_num": "1"
                }
              }
            },
            "rotation_capability_offer": {
              "for": {
                "vec": []
              }
            },
            "sequence_number": "0",
            "signer_capability_offer": {
              "for": {
                "vec": []
              }
            }
          }
        },
        "type": "write_resource"
      },
      {
        "state_key_hash": "",
        "handle": "0x1b854694ae746cdbd8d44186ca4929b2b337df21d1c74633be19b2710552fdca",
        "key": "",
        "value": "",
        "data": {
          "data": null
        },
        "type": "write_table_item"
      }
    ],
    "sender": "0xa550c18",
    "sequence_number": "18446744073709551615",
    "max_gas_amount": "100000000",
    "gas_unit_price": "0",
    "expiration_timestamp_secs": "60",
    "payload": {
      "function": "0x1::aptos_account::create_account",
      "type_arguments": [],
      "arguments": [
        "0x7f907266eb89259623f37611ff40880bf8ff54b0f72366879296df154f9523c3"
      ],
      "type": "entry_function_payload"
    },
    "signature": {
      "public_key": "0x14418f867a0bd6d42abb2daa50cd68a5a869ce208282481f57504f630510d0d3",
      "signature": "",
      "type": "ed25519_signature"
    },
    "replay_protection_nonce": "",
    "events": [
      {
        "guid": {
          "creation_number": "0",
          "account_address": "0x0"
        },
        "sequence_number": "0",
        "type": "0x1::account::CoinRegister",
        "data": {
          "account": "0x7f907266eb89259623f37611ff40880bf8ff54b0f72366879296df154f9523c3",
          "type_info": {
            "account_address": "0x1",
            "module_name": "0x6170746f735f636f696e",
            "struct_name": "0x4170746f73436f696e"
          }
        }
      },
      {
        "guid": {
          "creation_number": "0",
          "account_address": "0x0"
        },
        "sequence_number": "0",
        "type": "0x1::transaction_fee::FeeStatement",
        "data": {
          "execution_gas_units": "5",
          "io_gas_units": "5",
          "storage_fee_octas": "0",
          "storage_fee_refund_octas": "0",
          "total_charge_gas_units": "9"
        }
      }
    ],
    "timestamp": "2000000",
    "type": "user_transaction"
  },
  {
    "version": "12",
    "hash": "",
    "state_change_hash": "",
    "event_root_hash": "",
    "state_checkpoint_hash": "",
    "gas_used": "0",
    "success": true,
    "vm_status": "Executed successfully",
    "accumulator_root_hash": "",
    "changes": [],
    "timestamp": "2000000",
    "type": "state_checkpoint_transaction"
  }
]
