{
  "public_keys": [
    {
      "value": "0x049b8327d929a0e45285c04d19c9fffbee065c266b701972922d807228120e43f34ad68ac77f6ec0205fe39f7c5b6055dad973a03464a3a743302de0feaf6ec6d9",
      "type": "secp256k1_ecdsa"
    }
  ],
  "signatures": [
    {
      "index": 0,
      "signature": {
        "value": "0xb365e7dd7724ba47ec00f4decff7fc731fc1944acd5ffda2ef66c716b41385f02876de7cfdb01843e634ea1f03b108e93b74f4c04f238136c41dfdada2b2544c",
        "type": "secp256k1_ecdsa"
      }
    }
  ],
  "signatures_required": 1,
  "type": "single_sender"
}
