{
  "hash": "",
  "sender": "0xa550c18",
  "sequence_number": "1",
  "max_gas_amount": "100000000",
  "gas_unit_price": "0",
  "expiration_timestamp_secs": "59",
  "payload": {
    "function": "0x1::aptos_account::create_account",
    "type_arguments": [],
    "arguments": [
      "0xa8e978fef6303dd1d7b5fdd0d74d21917134034316110a8f2810e5aa34af1287"
    ],
    "type": "entry_function_payload"
  },
  "signature": {
    "public_key": "0x14418f867a0bd6d42abb2daa50cd68a5a869ce208282481f57504f630510d0d3",
    "signature": "0x6faf75afb3ea0a88199b1691f73f4e202ad672ada08fc8023af3f3470b349e0ef7d99555e43fd8ea7484a6395a5c076f0d7496d9f592365630526c8777957707",
    "type": "ed25519_signature"
  },
  "replay_protection_nonce": null
}
