[
  {
    "version": "6",
    "hash": "",
    "state_change_hash": "",
    "event_root_hash": "",
    "state_checkpoint_hash": null,
    "gas_used": "11",
    "success": false,
    "vm_status": "Move abort in 0x1::coin: EINSUFFICIENT_BALANCE(0x10006): Not enough coins to complete transaction",
    "accumulator_root_hash": "",
    "changes": [
      {
        "address": "0xa8e978fef6303dd1d7b5fdd0d74d21917134034316110a8f2810e5aa34af1287",
        "state_key_hash": "",
        "data": {
          "type": "0x1::account::Account",
          "data": {
            "authentication_key": "0xa8e978fef6303dd1d7b5fdd0d74d21917134034316110a8f2810e5aa34af1287",
            "coin_register_events": {
              "counter": "0",
              "guid": {
                "id": {
                  "addr": "0xa8e978fef6303dd1d7b5fdd0d74d21917134034316110a8f2810e5aa34af1287",
                  "creation_num": "0"
                }
              }
            },
            "guid_creation_num": "4",
            "key_rotation_events": {
              "counter": "0",
              "guid": {
                "id": {
                  "addr": "0xa8e978fef6303dd1d7b5fdd0d74d21917134034316110a8f2810e5aa34af1287",
                  "creation_num": "1"
                }
              }
            },
            "rotation_capability_offer": {
              "for": {
                "vec": []
              }
            },
            "sequence_number": "1",
            "signer_capability_offer": {
              "for": {
                "vec": []
              }
            }
          }
        },
        "type": "write_resource"
      }
    ],
    "sender": "0xa8e978fef6303dd1d7b5fdd0d74d21917134034316110a8f2810e5aa34af1287",
    "sequence_number": "0",
    "max_gas_amount": "100000000",
    "gas_unit_price": "0",
    "expiration_timestamp_secs": "60",
    "payload": {
      "function": "0x1::aptos_account::transfer",
      "type_arguments": [],
      "arguments": [
        "0x1",
        "999999999999999999"
      ],
      "type": "entry_function_payload"
    },
    "signature": {
      "public_key": "0x0c288926cc2321d3dc2f7c17e525253ab46f4270ac1981861fc2bb9c09b02478",
      "signature": "0x833e9431d6e3d1b6af51a9138eb1bea6526827ac773043189da527c4d3751590e703fab5d3ffa9c22d594133f1732667e1556b14948616c54a9ebffcf543020d",
      "type": "ed25519_signature"
    },
    "replay_protection_nonce": null,
    "events": [
      {
        "guid": {
          "creation_number": "0",
          "account_address": "0x0"
        },
        "sequence_number": "0",
        "type": "0x1::transaction_fee::FeeStatement",
        "data": {
          "execution_gas_units": "6",
          "io_gas_units": "6",
          "storage_fee_octas": "0",
          "storage_fee_refund_octas": "0",
          "total_charge_gas_units": "11"
        }
      }
    ],
    "timestamp": "1000000"
  }
]
